<testsuites id="" name="" tests="3" failures="1" skipped="0" errors="0" time="3.7361079999999998">
<testsuite name="auth/simple-login.spec.ts" timestamp="2025-07-30T19:13:23.647Z" hostname="chromium" tests="3" failures="1" skipped="0" time="8.122" errors="0">
<testcase name="Simple Login Test › should login with jam@jam.com" classname="auth/simple-login.spec.ts" time="2.531">
<system-out>
<![CDATA[✅ Login successful!
]]>
</system-out>
</testcase>
<testcase name="Simple Login Test › should access inbox after login" classname="auth/simple-login.spec.ts" time="2.884">
<failure message="simple-login.spec.ts:30:7 should access inbox after login" type="FAILURE">
<![CDATA[  [chromium] › auth/simple-login.spec.ts:30:7 › Simple Login Test › should access inbox after login 

    Error: expect.toContainText: Error: strict mode violation: locator('h1') resolved to 3 elements:
        1) <h1 class="text-2xl font-bold text-gray-900">Good afternoon, jam</h1> aka getByRole('heading', { name: 'Good afternoon, jam' })
        2) <h1 data-testid="mobile-inbox-title" class="component-header text-gray-900 truncate mr-4">Inbox (0)</h1> aka getByTestId('mobile-inbox-title')
        3) <h1 class="component-header text-gray-900">Inbox (0)</h1> aka getByRole('heading', { name: 'Inbox (0)' })

    Call log:
      - Expect "toContainText" with timeout 5000ms
      - waiting for locator('h1')


      41 |     // Verify we can access inbox
      42 |     await expect(page).toHaveURL(/\/inbox/);
    > 43 |     await expect(page.locator('h1')).toContainText('Inbox');
         |                                      ^
      44 |     
      45 |     // Take a screenshot
      46 |     await page.screenshot({ path: 'inbox-access.png' });
        at /Users/lukatenbosch/Downloads/campfire-v2/e2e/tests/auth/simple-login.spec.ts:43:38

    attachment #1: screenshot (image/png) ──────────────────────────────────────────────────────────
    ../../test-results/auth-simple-login-Simple-L-ef2b8-ld-access-inbox-after-login-chromium/test-failed-1.png
    ────────────────────────────────────────────────────────────────────────────────────────────────

    attachment #2: video (video/webm) ──────────────────────────────────────────────────────────────
    ../../test-results/auth-simple-login-Simple-L-ef2b8-ld-access-inbox-after-login-chromium/video.webm
    ────────────────────────────────────────────────────────────────────────────────────────────────

    Error Context: ../../test-results/auth-simple-login-Simple-L-ef2b8-ld-access-inbox-after-login-chromium/error-context.md
]]>
</failure>
<system-out>
<![CDATA[
[[ATTACHMENT|../test-results/auth-simple-login-Simple-L-ef2b8-ld-access-inbox-after-login-chromium/test-failed-1.png]]

[[ATTACHMENT|../test-results/auth-simple-login-Simple-L-ef2b8-ld-access-inbox-after-login-chromium/video.webm]]

[[ATTACHMENT|../test-results/auth-simple-login-Simple-L-ef2b8-ld-access-inbox-after-login-chromium/error-context.md]]
]]>
</system-out>
</testcase>
<testcase name="Simple Login Test › should access widget after login" classname="auth/simple-login.spec.ts" time="2.707">
<system-out>
<![CDATA[✅ Widget access successful!
]]>
</system-out>
</testcase>
</testsuite>
</testsuites>